// Jest Snapshot v1, https://goo.gl/fbAQLP

exports[`SendMessageForm should match the snapshot 1`] = `ShallowWrapper {}`;
